// Jest Snapshot v1, https://goo.gl/fbAQLP

exports[`ToggleSwitch HeaderButton 1`] = `
<div
  className="sc-AykKC jPHqWK"
>
  <div
    className="bounce1"
  />
  <div
    className="bounce2"
  />
  <div
    className="bounce3"
  />
</div>
`;
